Circuit: * C:\users\ostoja\Desktop\Elektronika\PEKG\simulations\DC_compensation_replica.asc

WARNING: Less than two connections to node 3.75V.  This node is used by V3.
WARNING: Less than two connections to node 1.25V.  This node is used by V4.
WARNING: Less than two connections to node DC_COMP_MATH.  This node is used by B1.
WARNING: Less than two connections to node N008.  This node is used by R5.
Instance "m:u2:6": Length shorter than recommended for a level 2 MOSFET.
Instance "m:u2:5": Length shorter than recommended for a level 2 MOSFET.
Instance "m:u2:4": Length shorter than recommended for a level 2 MOSFET.
Instance "m:u2:3": Length shorter than recommended for a level 2 MOSFET.
Instance "m:u2:2": Length shorter than recommended for a level 2 MOSFET.
Instance "m:u2:1": Length shorter than recommended for a level 2 MOSFET.
Instance "m:u1:6": Length shorter than recommended for a level 2 MOSFET.
Instance "m:u1:5": Length shorter than recommended for a level 2 MOSFET.
Instance "m:u1:4": Length shorter than recommended for a level 2 MOSFET.
Instance "m:u1:3": Length shorter than recommended for a level 2 MOSFET.
Instance "m:u1:2": Length shorter than recommended for a level 2 MOSFET.
Instance "m:u1:1": Length shorter than recommended for a level 2 MOSFET.
Instance "m:u5:6": Length shorter than recommended for a level 2 MOSFET.
Instance "m:u5:5": Length shorter than recommended for a level 2 MOSFET.
Instance "m:u5:4": Length shorter than recommended for a level 2 MOSFET.
Instance "m:u5:3": Length shorter than recommended for a level 2 MOSFET.
Instance "m:u5:2": Length shorter than recommended for a level 2 MOSFET.
Instance "m:u5:1": Length shorter than recommended for a level 2 MOSFET.
Instance "m:u3:6": Length shorter than recommended for a level 2 MOSFET.
Instance "m:u3:5": Length shorter than recommended for a level 2 MOSFET.
Instance "m:u3:4": Length shorter than recommended for a level 2 MOSFET.
Instance "m:u3:3": Length shorter than recommended for a level 2 MOSFET.
Instance "m:u3:2": Length shorter than recommended for a level 2 MOSFET.
Instance "m:u3:1": Length shorter than recommended for a level 2 MOSFET.
Instance "m:u9:6": Length shorter than recommended for a level 2 MOSFET.
Instance "m:u9:5": Length shorter than recommended for a level 2 MOSFET.
Instance "m:u9:4": Length shorter than recommended for a level 2 MOSFET.
Instance "m:u9:3": Length shorter than recommended for a level 2 MOSFET.
Instance "m:u9:2": Length shorter than recommended for a level 2 MOSFET.
Instance "m:u9:1": Length shorter than recommended for a level 2 MOSFET.
Direct Newton iteration failed to find .op point.  (Use ".option noopiter" to skip.)
Starting Gmin stepping
Gmin = 10
Gmin = 1.07374
Gmin = 0.115292
Gmin = 0.0123794
Gmin = 0.00132923
vernier = 0.5
vernier = 0.666667
Gmin = 0.000404641
vernier = 0.888888
Gmin = 6.86413e-005
vernier = 1
vernier = 0.5
vernier = 0.25
vernier = 0.125
vernier = 0.0625
vernier = 0.03125
vernier = 0.015625
vernier = 0.0078125
vernier = 0.00390625
Gmin = 5.61611e-005
vernier = 0.00195313
vernier = 0.000976563
vernier = 0.000488281
Gmin = 0
Gmin stepping failed

Starting source stepping with srcstepmethod=0
Source Step = 3.0303%
vernier = 0.25
Source Step = 7.57576%
Source Step = 12.9261%
vernier = 0.00390625
Source Step = 12.9054%
Source Step = 12.935%
Source Step = 12.9646%
Source Step = 12.9942%
Source Step = 13.0238%
vernier = 0.00146484
Source Step = 13.0623%
Source Step = 13.1067%
Source Step = 13.151%
Source Step = 13.1954%
Source Step = 13.2398%
vernier = 0.00219727
Source Step = 13.2953%
Source Step = 13.3619%
Source Step = 13.4285%
Source Step = 13.4951%
Source Step = 13.5616%
vernier = 0.0032959
Source Step = 13.6415%
Source Step = 13.7414%
Source Step = 13.8413%
Source Step = 13.9412%
Source Step = 14.041%
vernier = 0.00494385
Source Step = 14.1559%
Source Step = 14.3057%
Source Step = 14.4555%
Source Step = 14.6053%
Source Step = 14.7552%
vernier = 0.00741577
Source Step = 14.92%
Source Step = 15.1447%
Source Step = 15.3694%
Source Step = 15.5941%
Source Step = 15.8188%
vernier = 0.0111237
Source Step = 16.0548%
Source Step = 16.3919%
Source Step = 16.729%
Source Step = 17.066%
Source Step = 17.4031%
Source Step = 17.7402%
vernier = 0.0166855
Source Step = 18.2458%
Source Step = 18.7514%
Source Step = 19.2571%
Source Step = 19.7627%
Source Step = 20.2683%
vernier = 0.0250282
Source Step = 21.0014%
Source Step = 21.7599%
Source Step = 22.5183%
Source Step = 23.2767%
Source Step = 24.0352%
vernier = 0.0375423
Source Step = 25.097%
Source Step = 26.2346%
Source Step = 27.3723%
Source Step = 28.5099%
Source Step = 29.6476%
vernier = 0.0563135
Source Step = 31.1834%
Source Step = 32.8899%
Source Step = 34.5963%
Source Step = 36.3028%
Source Step = 38.0093%
vernier = 0.0844703
Source Step = 40.2277%
Source Step = 42.7874%
Source Step = 45.3471%
Source Step = 47.9068%
Source Step = 50.4665%
vernier = 0.126705
Source Step = 53.6661%
Source Step = 57.5057%
Source Step = 61.3452%
Source Step = 65.1848%
Source Step = 69.0244%
vernier = 0.190058
Source Step = 73.6318%
Source Step = 79.3912%
Source Step = 85.1505%
Source Step = 90.9098%
Source Step = 96.6692%
vernier = 0.285087
Source Step = 100%
Source stepping succeeded in finding the operating point.

Heightened Def Con from 5e-012 to 1.005e-009
Heightened Def Con from 1.03625e-009 to 2.03625e-009

Date: Sun Jun 29 14:25:37 2025
Total elapsed time: 3.266 seconds.

tnom = 27
temp = 27
method = trap
totiter = 85604
traniter = 80319
tranpoints = 40037
accept = 40017
rejected = 22
matrix size = 219
fillins = 280
solver = Normal
Thread vector: 11.8/6.3[4] 3.3/3.4[1] 2.7/2.2[4] 0.4/1.4[1]  2592/500
Matrix Compiler1: 25.62 KB object code size  3.4/1.1/[1.1]
Matrix Compiler2: 24.58 KB object code size  1.4/1.3/[1.1]

