Circuit: * C:\users\ostoja\Desktop\Elektronika\PEKG\simulations\discrete_input.asc

WARNING: Node N074 is floating.
WARNING: Node NC_01 is floating.

WARNING: Less than two connections to node NC_01.  This node is used by C31.
Direct Newton iteration failed to find .op point.  (Use ".option noopiter" to skip.)
Starting Gmin stepping
Gmin = 10
vernier = 0.5
vernier = 0.25
vernier = 0.125
Gmin = 6.49
vernier = 0.0625
vernier = 0.03125
vernier = 0.015625
vernier = 0.0078125
vernier = 0.00390625
Gmin = 6.58984
vernier = 0.00195313
vernier = 0.000976563
vernier = 0.000488281
Gmin = 0
Gmin = 0
Gmin stepping failed

Starting source stepping with srcstepmethod=0
Source Step = 3.0303%
Source Step = 33.3333%
Source Step = 63.6364%
Source Step = 93.9394%
Source stepping succeeded in finding the operating point.


Date: Fri Jan 02 01:00:32 2026
Total elapsed time: 0.373 seconds.

tnom = 27
temp = 27
method = trap
totiter = 1734
traniter = 0
tranpoints = 0
accept = 0
rejected = 0
matrix size = 272
fillins = 301
solver = Normal
Matrix Compiler1:    1873 opcodes
Matrix Compiler2: 28.94 KB object code size  1.7/1.6/[1.1]

