Circuit: * C:\users\ostoja\Desktop\Elektronika\PEKG\simulations\DC_compensation.asc

WARNING: Less than two connections to node 3.75V.  This node is used by V3.
WARNING: Less than two connections to node 1.25V.  This node is used by V4.
WARNING: Less than two connections to node DC_COMP_MATH.  This node is used by B1.
Instance "m:u2:6": Length shorter than recommended for a level 2 MOSFET.
Instance "m:u2:5": Length shorter than recommended for a level 2 MOSFET.
Instance "m:u2:4": Length shorter than recommended for a level 2 MOSFET.
Instance "m:u2:3": Length shorter than recommended for a level 2 MOSFET.
Instance "m:u2:2": Length shorter than recommended for a level 2 MOSFET.
Instance "m:u2:1": Length shorter than recommended for a level 2 MOSFET.
Instance "m:u1:6": Length shorter than recommended for a level 2 MOSFET.
Instance "m:u1:5": Length shorter than recommended for a level 2 MOSFET.
Instance "m:u1:4": Length shorter than recommended for a level 2 MOSFET.
Instance "m:u1:3": Length shorter than recommended for a level 2 MOSFET.
Instance "m:u1:2": Length shorter than recommended for a level 2 MOSFET.
Instance "m:u1:1": Length shorter than recommended for a level 2 MOSFET.
Instance "m:u5:6": Length shorter than recommended for a level 2 MOSFET.
Instance "m:u5:5": Length shorter than recommended for a level 2 MOSFET.
Instance "m:u5:4": Length shorter than recommended for a level 2 MOSFET.
Instance "m:u5:3": Length shorter than recommended for a level 2 MOSFET.
Instance "m:u5:2": Length shorter than recommended for a level 2 MOSFET.
Instance "m:u5:1": Length shorter than recommended for a level 2 MOSFET.
Instance "m:u3:6": Length shorter than recommended for a level 2 MOSFET.
Instance "m:u3:5": Length shorter than recommended for a level 2 MOSFET.
Instance "m:u3:4": Length shorter than recommended for a level 2 MOSFET.
Instance "m:u3:3": Length shorter than recommended for a level 2 MOSFET.
Instance "m:u3:2": Length shorter than recommended for a level 2 MOSFET.
Instance "m:u3:1": Length shorter than recommended for a level 2 MOSFET.
Instance "m:u9:6": Length shorter than recommended for a level 2 MOSFET.
Instance "m:u9:5": Length shorter than recommended for a level 2 MOSFET.
Instance "m:u9:4": Length shorter than recommended for a level 2 MOSFET.
Instance "m:u9:3": Length shorter than recommended for a level 2 MOSFET.
Instance "m:u9:2": Length shorter than recommended for a level 2 MOSFET.
Instance "m:u9:1": Length shorter than recommended for a level 2 MOSFET.
Direct Newton iteration failed to find .op point.  (Use ".option noopiter" to skip.)
Starting Gmin stepping
Gmin = 10
Gmin = 1.07374
Gmin = 0.115292
Gmin = 0.0123794
Gmin = 0.00132923
Gmin = 0.000142725
vernier = 0.5
Gmin = 3.28467e-005
vernier = 0.666667
vernier = 0.888888
Gmin = 6.88979e-006
vernier = 1
Gmin = 8.09366e-007
Gmin = 8.6905e-008
Gmin = 9.33136e-009
Gmin = 1.00195e-009
Gmin = 1.07583e-010
Gmin = 1.15517e-011
Gmin = 1.24035e-012
Gmin = 1.33182e-013
Gmin = 0
Gmin stepping succeeded in finding the operating point.

Changing Tseed to 5e-011
Changing Tseed to 5e-013
Heightened Def Con from 5e-013 to 2.0005e-009

Date: Sun Jun 29 15:49:29 2025
Total elapsed time: 2.585 seconds.

tnom = 27
temp = 27
method = trap
totiter = 80766
traniter = 80138
tranpoints = 40021
accept = 40012
rejected = 8
matrix size = 211
fillins = 196
solver = Normal
Thread vector: 8.8/5.7[4] 2.9/3.5[1] 2.2/2.3[1] 0.4/1.2[1]  2592/500
Matrix Compiler1:    1359 opcodes  3.3/1.5/[1.6]
Matrix Compiler2:    1697 opcodes
