Circuit: * C:\users\ostoja\Desktop\Elektronika\PEKG\simulations\HP_ac.asc

Instance "m:u4:6": Length shorter than recommended for a level 2 MOSFET.
Instance "m:u4:5": Length shorter than recommended for a level 2 MOSFET.
Instance "m:u4:4": Length shorter than recommended for a level 2 MOSFET.
Instance "m:u4:3": Length shorter than recommended for a level 2 MOSFET.
Instance "m:u4:2": Length shorter than recommended for a level 2 MOSFET.
Instance "m:u4:1": Length shorter than recommended for a level 2 MOSFET.
Instance "m:u2:6": Length shorter than recommended for a level 2 MOSFET.
Instance "m:u2:5": Length shorter than recommended for a level 2 MOSFET.
Instance "m:u2:4": Length shorter than recommended for a level 2 MOSFET.
Instance "m:u2:3": Length shorter than recommended for a level 2 MOSFET.
Instance "m:u2:2": Length shorter than recommended for a level 2 MOSFET.
Instance "m:u2:1": Length shorter than recommended for a level 2 MOSFET.
Instance "m:u1:6": Length shorter than recommended for a level 2 MOSFET.
Instance "m:u1:5": Length shorter than recommended for a level 2 MOSFET.
Instance "m:u1:4": Length shorter than recommended for a level 2 MOSFET.
Instance "m:u1:3": Length shorter than recommended for a level 2 MOSFET.
Instance "m:u1:2": Length shorter than recommended for a level 2 MOSFET.
Instance "m:u1:1": Length shorter than recommended for a level 2 MOSFET.
Direct Newton iteration failed to find .op point.  (Use ".option noopiter" to skip.)
Starting Gmin stepping
Gmin = 10
vernier = 0.5
vernier = 0.25
vernier = 0.125
Gmin = 5.5165
vernier = 0.0625
vernier = 0.03125
vernier = 0.015625
vernier = 0.0078125
Gmin = 5.49501
vernier = 0.00390625
vernier = 0.00195313
vernier = 0.000976563
vernier = 0.000488281
Gmin = 5.50104
Gmin = 0
Gmin stepping failed

Starting source stepping with srcstepmethod=0
Source Step = 3.0303%
Source Step = 33.3333%
Source Step = 48.4967%
vernier = 0.000976563
Source Step = 48.5144%
Source Step = 48.544%
Source Step = 48.5736%
Source Step = 48.6032%
Source Step = 48.6328%
vernier = 0.00146484
Source Step = 48.6742%
Source Step = 48.7186%
Source Step = 48.763%
Source Step = 48.8074%
Source Step = 48.8518%
vernier = 0.00219727
Source Step = 48.9117%
Source Step = 48.9783%
Source Step = 49.0449%
Source Step = 49.1115%
Source Step = 49.1781%
vernier = 0.0032959
Source Step = 49.2646%
Source Step = 49.3645%
Source Step = 49.4644%
Source Step = 49.5642%
Source Step = 49.6641%
vernier = 0.00494385
Source Step = 49.789%
Source Step = 49.9388%
Source Step = 50.0886%
Source Step = 50.2384%
Source Step = 50.3882%
vernier = 0.00741577
Source Step = 50.568%
Source Step = 50.7927%
Source Step = 51.0174%
Source Step = 51.2422%
Source Step = 51.4669%
vernier = 0.0111237
Source Step = 51.7253%
Source Step = 52.0624%
Source Step = 52.3995%
Source Step = 52.7365%
Source Step = 53.0736%
vernier = 0.0166855
Source Step = 53.4444%
Source Step = 53.95%
Source Step = 54.4557%
Source Step = 54.9613%
Source Step = 55.4669%
vernier = 0.0250282
Source Step = 55.9978%
Source Step = 56.7562%
Source Step = 57.5147%
Source Step = 58.2731%
Source Step = 59.0315%
Source Step = 59.79%
vernier = 0.0375423
Source Step = 60.9276%
Source Step = 62.0653%
Source Step = 63.2029%
Source Step = 64.3405%
Source Step = 65.4782%
vernier = 0.0563135
Source Step = 67.1278%
Source Step = 68.8342%
Source Step = 70.5407%
Source Step = 72.2472%
Source Step = 73.9537%
vernier = 0.0844703
Source Step = 76.3427%
Source Step = 78.9024%
Source Step = 81.4621%
Source Step = 84.0218%
Source Step = 86.5815%
vernier = 0.126705
Source Step = 90.0371%
Source Step = 93.8767%
Source Step = 97.7163%
Source stepping succeeded in finding the operating point.

.step rg=4000
.step rg=10000
.step rg=20000
.step rg=40000

Date: Thu Jun 26 23:53:54 2025
Total elapsed time: 1.550 seconds.

tnom = 27
temp = 27
method = trap
totiter = 10782
traniter = 0
tranpoints = 0
accept = 0
rejected = 0
matrix size = 154
fillins = 272
solver = Normal
Matrix Compiler1:     981 opcodes
Matrix Compiler2: 18.16 KB object code size  1.2/1.1/[0.8]

