Circuit: * C:\users\ostoja\Desktop\Elektronika\PEKG\simulations\ind_iff.asc

WARNING: Less than two connections to node N008.  This node is used by V7.
WARNING: Less than two connections to node 3.75V.  This node is used by V3.
WARNING: Less than two connections to node 1.25V.  This node is used by V4.
WARNING: Less than two connections to node DC_COMP_MATH.  This node is used by B1.
Instance "m:u2:6": Length shorter than recommended for a level 2 MOSFET.
Instance "m:u2:5": Length shorter than recommended for a level 2 MOSFET.
Instance "m:u2:4": Length shorter than recommended for a level 2 MOSFET.
Instance "m:u2:3": Length shorter than recommended for a level 2 MOSFET.
Instance "m:u2:2": Length shorter than recommended for a level 2 MOSFET.
Instance "m:u2:1": Length shorter than recommended for a level 2 MOSFET.
Instance "m:u1:6": Length shorter than recommended for a level 2 MOSFET.
Instance "m:u1:5": Length shorter than recommended for a level 2 MOSFET.
Instance "m:u1:4": Length shorter than recommended for a level 2 MOSFET.
Instance "m:u1:3": Length shorter than recommended for a level 2 MOSFET.
Instance "m:u1:2": Length shorter than recommended for a level 2 MOSFET.
Instance "m:u1:1": Length shorter than recommended for a level 2 MOSFET.
Instance "m:u5:6": Length shorter than recommended for a level 2 MOSFET.
Instance "m:u5:5": Length shorter than recommended for a level 2 MOSFET.
Instance "m:u5:4": Length shorter than recommended for a level 2 MOSFET.
Instance "m:u5:3": Length shorter than recommended for a level 2 MOSFET.
Instance "m:u5:2": Length shorter than recommended for a level 2 MOSFET.
Instance "m:u5:1": Length shorter than recommended for a level 2 MOSFET.
Instance "m:u3:6": Length shorter than recommended for a level 2 MOSFET.
Instance "m:u3:5": Length shorter than recommended for a level 2 MOSFET.
Instance "m:u3:4": Length shorter than recommended for a level 2 MOSFET.
Instance "m:u3:3": Length shorter than recommended for a level 2 MOSFET.
Instance "m:u3:2": Length shorter than recommended for a level 2 MOSFET.
Instance "m:u3:1": Length shorter than recommended for a level 2 MOSFET.
Instance "m:u9:6": Length shorter than recommended for a level 2 MOSFET.
Instance "m:u9:5": Length shorter than recommended for a level 2 MOSFET.
Instance "m:u9:4": Length shorter than recommended for a level 2 MOSFET.
Instance "m:u9:3": Length shorter than recommended for a level 2 MOSFET.
Instance "m:u9:2": Length shorter than recommended for a level 2 MOSFET.
Instance "m:u9:1": Length shorter than recommended for a level 2 MOSFET.
Direct Newton iteration failed to find .op point.  (Use ".option noopiter" to skip.)
Starting Gmin stepping
Gmin = 10
Gmin = 1.07374
Gmin = 0.115292
Gmin = 0.0123794
Gmin = 0.00132923
Gmin = 0.000142725
Gmin = 1.5325e-005
Gmin = 1.6455e-006
Gmin = 1.76685e-007
Gmin = 1.89714e-008
Gmin = 2.03704e-009
Gmin = 2.18725e-010
Gmin = 2.34854e-011
Gmin = 2.52173e-012
Gmin = 2.70769e-013
Gmin = 0
Gmin stepping succeeded in finding the operating point.


Date: Fri Jun 20 16:54:25 2025
Total elapsed time: 2.781 seconds.

tnom = 27
temp = 27
method = trap
totiter = 80518
traniter = 80048
tranpoints = 40018
accept = 40018
rejected = 0
matrix size = 216
fillins = 250
solver = Normal
Thread vector: 9.1/6.7[4] 2.8/3.2[1] 3.5/2.5[4] 0.4/1.6[1]  2592/500
Matrix Compiler1: 28.99 KB object code size  3.8/1.3/[1.2]
Matrix Compiler2: 23.50 KB object code size  1.9/1.7/[0.9]

